[   0.0000] Linux version 4.15.0-45-generic (buildd@lgw01-amd64-031) (gcc version 7.3.0 (Untu 7.3.0-16ubuntu3)) #48-Ubuntu MP Tue Jan 29 16:28:13 UTC 2019 (Ubuntu 4.15.0-45.48-generic 4.15.18)
[    0.000000] Command line: BOOT_IMAGE=/boot/vmlinuz-4..0-45-generic root=UUID=af1a459d-5029-4583-bf7a-f69ffeff945b ro console=tty1 console=ttyS0
[    0.000000] KERNEL supported cpus:
[    0.000000]   Intel GenuineIntel
[    0.000000]   AMD AuthenticAMD
[    0.000000]   Centaur CentaurHauls
[    0.000000] x86/fpu: Supporting XSAVE feature 0x001: 'x87 floating point registers'
[    0.000000] x86/fpu: Supporting XSAVE feature 0x002: 'SSE registers'
[    0.000000] x86/fpu: Supporting XSAVE feature 0x004: 'AVX registers'
[    0.000000] x86/fpu: xstate_offset[2]:  576, xstate_sizes[2]:  256
[    0.000000] x86/fpu: Enabled xstate features 0x7, context size is 832 bytes, using 'standard' format.
[    0.000000] e820: BIOS-provided physical RAM map:
[    0.000000] BIOS-e820: [mem 0x0000000000000000-0x000000000009fbff] usable
[    0.000000] BIOS-e820: [mem 0x000000000009fc00-0x000000000009ffff] reserved
[    0.000000] BIOS-e820: [mem 0x00000000000f0000-0x00000000000fffff] reserved
[    0.000000] BIOS-e820: [mem 0x0000000000100000-0x000000003ffeffff] usable
[    0.000000] BIOS-e820: [mem 0x000000003fff0000-0x000000003fffffff] ACPI data
[    0.000000] BIOS-e820: [mem 0x00000000fec00000-0x00000000fec00fff] reserved
[    0.000000] BIOS-e820: [mem 0x00000000fee00000-0x00000000fee00fff] reserved
[    0.000000] BIOS-e820: [mem 0x00000000fffc0000-0x00000000ffffffff] reserved
[    0.000000] NX (Execute Disable) protection: active
[    0.000000] SMBIOS 2.5 present.
[    0.000000] DMI: innotek GmbH VirtualBox/VirtualBox, BIOS VirtualBox 12/01/2006
[    0.000000] Hypervisor detected: KVM
[    0.000000] e820: last_pfn = 0x3fff0 max_arch_pfn = 0x400000000
[    0.000000] MTRR: Disabled
[    0.000000] x86/PAT: MTRRs disabled, skipping PAT initialization too.
[    0.000000] CPU MTRRs all blank - virtualized system.
[    0.000000] x86/PAT: Configuration [0-7]: WB  WT  UC- UC  WB  WT  UC- UC  
[    0.000000] found SMP MP-table at [mem 0x0009fff0-0x0009ffff] mapped at [        (ptrval)]
[    0.000000] Scanning 1 areas for low memory corruption
[    0.000000] RAMDISK: [mem 0x359d3000-0x36ce0fff]
[    0.000000] ACPI: Early table checksum verification disabled
[    0.000000] ACPI: RSDP 0x00000000000E0000 000024 (v02 VBOX  )
[    0.000000] ACPI: XSDT 0x000000003FFF0030 00003C (v01 VBOX   VBOXXSDT 00000001 ASL  00000061)
[    0.000000] ACPI: FACP 0x000000003FFF00F0 0000F4 (v04 VBOX   VBOXFACP 00000001 ASL  00000061)
[    0.000000] ACPI: DSDT 0x000000003FFF0470 0021FF (v02 VBOX   VBOXBIOS 00000002 INTL 20180105)
[    0.000000] ACPI: FACS 0x000000003FFF0200 000040
[    0.000000] ACPI: FACS 0x000000003FFF0200 000040
[    0.000000] ACPI: APIC 0x000000003FFF0240 00005C (v02 VBOX   VBOXAPIC 00000001 ASL  00000061)
[    0.000000] ACPI: SSDT 0x000000003FFF02A0 0001CC (v01 VBOX   VBOXCPUT 00000002 INTL 20180105)
[    0.000000] No NUMA configuration found
[    0.000000] Faking a node at [mem 0x0000000000000000-0x000000003ffeffff]
[    0.000000] NODE_DATA(0) allocated [mem 0x3ffc5000-0x3ffeffff]
[    0.000000] kvm-clock: cpu 0, msr 0:3ff44001, primary cpu clock
[    0.000000] kvm-clock: Using msrs 4b564d01 and 4b564d00
[    0.000000] kvm-clock: using sched offset of 4544262383 cycles
[    0.000000] clocksource: kvm-clock: mask: 0xffffffffffffffff max_cycles: 0x1cd42e4dffb, max_idle_ns: 881590591483 ns
[    0.000000] Zone ranges:
[    0.000000]   DMA      [mem 0x0000000000001000-0x0000000000ffffff]
[    0.000000]   DMA32    [mem 0x0000000001000000-0x000000003ffeffff]
[    0.000000]   Normal   empty
[    0.000000]   Device   empty
[    0.000000] Movable zone start for each node
[    0.000000] Early memory node ranges
[    0.000000]   node   0: [mem 0x0000000000001000-0x000000000009efff]
[    0.000000]   node   0: [mem 0x00000000001000000x0000003ffeffff]
[    0.000000] Reserved but unavailable: 114 pages
[    0.000000] Initmem setup node 0 [mem 0x0000000000001000-0x000000003ffeffff]
[   0.000000] ACPI: PM-Timer IO Port: 0x4008
[    0.000000] IOAPIC[0]: apic_id 2, version 32, address 0xfec00000, GSI 0-23
[    0.000000] ACPI: INT_SRC_OVR (bus 0 bus_irq 0 global_irq 2 dfl dfl)
[   0.000000] ACPI: INT_SRC_OV (us 0 bus_irq 9 global_irq 9 low level)
[   .000000] Using ACPI (MADT) for SMP configuration information
[    0.000000] smpboot: Allowing 2 CPUs, 0 hotplug CPUs
[    0.000000] PM: Registered nosave memory: [mem 0x00000000-0x00000fff]
[    0.000000] PM: Registered nosave memory: [mem 0x0009f000-0x0009ffff]
[    0.000000] PM: Registered nosave memory: [mem 0x000a0000-0x00ffff]
[    0.000000] PM: Registered nosave memory: [mem 0x000f0000-0x000fffff]
[    0.000000] e820: [mem 0x40000000-0xfebfffff] available for PCI devices
[    0.000000] Booting paravirtualid kernel on KVM
[    0.000000] clocksource: refined-jiffies: mask: 0xffffffff max_cycles: 0xffffffff, max_idle_ns: 7645519600211568 ns
[    0.000000] randomget_ndombyes called from start_kernel+0990x4fd with crng_init=0
[    0.000000] setup_percpu: NR_CPUS:8192r_cpumask_bits:2 nr_cpu_ids:2 nr_node_ids:1
[   .000000] percpu: Embedded 46 pages/cpu @        (ptrval) s151552 r8192 d28672 u1048576
[    0.000000] PV qspinlock hash table entries: 256 (order: 0, 4096 bytes)
[    0.000000] Built 1 zonelists, molity grouping on.  Total pages: 257913
[    0.000000] Policy zone: DMA32
[    0.000000] Kernel command line: BOOT_IMAGE=/boot/vmlinuz-4.15.0-45-generic root=UUID=af1a459d-5029-4583-bf7a-f69ffeff945b ro console=tty1 console=ttyS0
[    0.000000] Memory: 983072K/1048120K available (12300K kernel code, 2473K rwdata, 4252K rodata, 2408K it, 2416K bss, 65048K reserved, 0K cma-reserved)
[    0.000000] SLUB: HWalign=64, Order=0-3, MinObjects=0, CPUs=2, Nodes=1
[    0.000000] ftrace: allocating 39194 entries in 154 pages
[    0.004000] Hierarchical RCU implementation.
[    0.004000] 	RCU restricting CPUs from NR_CPUS=8192 to nr_cpu_ids=2.
[    0.004000] 	Tasks RCU enabled.
[    0.004000] RCU: Adjusting geometry for rcu_fanout_leaf=16, nr_cpu_ids=2
[    0.004000] NR_IRQS: 524544, nr_irqs: 440, preallocated irqs: 16
    0.004000 Cnsole: colour VGA+ 80x25
[    0.004000] console [tty1] enabled
[    0.004000] console [ttyS0] enabled
[    0.004000] ACPI: Cre reisn 2010831
[   0.004000] ACPI: 2 ACPI AML tables successfully acquired and loaded
[    0.004000] APIC: Switch to symmetric I/O mode setup
[   0.004000] x2apic enabled
[    0.004000] Switched APIC routing to physical x2apic.
[    0.009352] ..TIMER: vector=0x30 apic1=0 pin1=2 apic2=-1 pin2=-1
[    0.012012] tsc: Detected 2994.378 MHz processor
[    0.016023] tsc: Marking TSC unstable due to TSCs unsynchronized
[    0.018072] Calibrating delay loop (skipped) preset value.. 5988.75 BogoMIPS (lpj=11977512)
[    0.020014] pid_max: default: 32768 minimum: 301
[    0.021669] Security Framework initialized
[    0.024014] Yama: becoming mindful.
[    0.025348] AppArmor: AppArmor initialized
[    0.029348] Dentry cache hash table entries: 131072 (order: 8, 1048576 bytes)
[    0.032169] Inode-cache hash table entries: 65536 (order: 7, 524288 bytes)
[    0.036054] Mount-cache hash table entries: 2048 (order: 2, 16384 bytes)
[    0.040028] Mountpoint-cache hash table entries: 2048 (order: 2, 16384 bytes)
[    0.044392] mce: CPU supports 0 MCE banks
[    0.048031] Last level iTLB entries: 4KB 512, 2MB 1024, 4MB 512
[    0.050054] Last level dTLB entries: 4KB 1024, 2MB 1024, 4MB 512, 1GB 0
[    0.052014] Spectre V2 : Spectre mitigation: LFENCE not serializing, switching to generic retpoline
[    0.056013] Spectre V2 : Mitigation: Full generic retpoline
[    0.060011] Spectre V2 : Spectre v2 / SpectreRSB mitigation: Filling RSB on context switch
[    0.064013] Speculative Store Bypass: Mitigation: Speculative Store Bypass disabled via prctl and seccomp
[    0.068159] Freeing SMP alternatives memory: 36K
[    0.076000] APIC calibration not consistent with PM-Timer: 97ms instead of 100ms
[    0.076000] APIC delta adjusted to PM-Timer: 6328665 (6149513)
[    0.076094] smpboot: CPU0: AMD A9-9420 RADEON R5, 5 COMPUTE CORES 2C+3G (family: 0x15, model: 0x70, stepping: 0x0)
[    0.079744] Performance Events: PMU not available due to virtualization, using software events only.
[    0.080147] Hierarchical SRCU implementation.
[    0.084937] NMI watchdog: Perf event create on CPU 0 failed with -2
[    0.087096] NMI watchdog: Perf NMI watchdog permanently disabled
[    0.088157] smp: Bringing up secondary CPUs ...
[    0.089965] x86: Booting SMP configuration:
[    0.092013] .... node  #0, CPUs:      #1
[    0.004000] kvm-clock: cpu 1, msr 0:3ff44041, secondary cpu clock
[    0.004000] mce: CPU supports 0 MCE banks
[    0.100012] smp: Brought up 1 node, 2 CPUs
[    0.104026] smpboot: Max logical packages: 1
[    0.106031] smpboot: Total of 2 processors activated (11977.51 BogoMIPS)
[    0.108130] devtmpfs: initialized
[    0.128052] x86/mm: Memory block size: 128MB
[    0.129874] evm: security.selinux
[    0.131178] evm: security.SMACK64
[    0.132011] evm: security.SMACK64EXEC
[    0.133313] evm: security.SMACK64TRANSMUTE
[    0.136013] evm: security.SMACK64MMAP
[    0.137344] evm: security.apparmor
[    0.138648] evm: security.ima
[    0.140011] evm: security.capability
[    0.144049] clocksource: jiffies: mask: 0xffffffff max_cycles: 0xffffffff, max_idle_ns: 7645041785100000 ns
[    0.148038] futex hash table entries: 512 (order: 3, 32768 bytes)
[    0.152153] pinctrl core: initialized pinctrl subsystem
[    0.156210] RTC time: 12:46:41, date: 02/15/19
[    0.160323] NET: Registered protocol family 16
[    0.164166] audit: initializing netlink subsys (disabled)
[    0.166335] audit: type=2000 audit(1550234806.014:1): state=initialized audit_enabled=0 res=1
[    0.168062] cpuidle: using governor ladder
[    0.172064] cpuidle: using governor menu
[    0.176249] ACPI: bus type PCI registered
[    0.177634] acpiphp: ACPI Hot Plug PCI Controller Driver version: 0.5
[    0.180198] PCI: Using configuration type 1 for base access
[    0.182290] PCI: Using configuration type 1 for extended access
[    0.188112] HugeTLB registered 2.00 MiB page size, pre-allocated 0 pages
[    0.192139] ACPI: Added _OSI(Module Device)
[    0.196038] ACPI: Added _OSI(Processor Device)
[    0.200015] ACPI: Added _OSI(3.0 _SCP Extensions)
[    0.201809] ACPI: Added _OSI(Processor Aggregator Device)
[    0.204014] ACPI: Added _OSI(Linux-Dell-Video)
[    0.205623] ACPI: Added _OSI(Linux-Lenovo-NV-HDMI-Audio)
[    0.208018] ACPI: Added _OSI(Linux-HPI-Hybrid-Graphics)
[    0.212133] ACPI: Executed 1 blocks of module-level executable AML code
[    0.217501] ACPI: Interpreter enabled
[    0.244053] ACPI: (supports S0 S5)
[    0.246081] ACPI: Using IOAPIC for interrupt routing
[    0.248420] PCI: Using host bridge windows from ACPI; if necessary, use "pci=nocrs" and report a bug
[    0.252282] ACPI: Enabled 2 GPEs in block 00 to 07
[    0.261615] ACPI: PCI Root Bridge [PCI0] (domain 0000 [bus 00-ff])
[    0.284034] acpi PNP0A03:00: _OSC: OS supports [ExtendedConfig ASPM ClockPM Segments MSI]
[    0.288220] acpi PNP0A03:00: _OSC: OS now controls [PCIeHotplug PME AER PCIeCapability]
[    0.292371] PCI host bridge to bus 0000:00
[    0.293897] pci_bus 0000:00: root bus resource [io  0x0000-0x0cf7 window]
[    0.300017] pci_bus 0000:00: root bus resource [io  0x0d00-0xffff window]
[    0.308021] pci_bus 0000:00: root bus resource [mem 0x000a0000-0x000bffff window]
[    0.312021] pci_bus 0000:00: root bus resource [mem 0x40000000-0xfdffffff window]
[    0.316022] pci_bus 0000:00: root bus resource [bus 00-ff]
[    0.321733] pci 0000:00:01.1: legacy IDE quirk: reg 0x10: [io  0x01f0-0x01f7]
[    0.332019] pci 0000:00:01.1: legacy IDE quirk: reg 0x14: [io  0x03f6]
[    0.348023] pci 0000:00:01.1: legacy IDE quirk: reg 0x18: [io  0x0170-0x0177]
[    0.356017] pci 0000:00:01.1: legacy IDE quirk: reg 0x1c: [io  0x0376]
[    0.401133] pci 0000:00:07.0: quirk: [io  0x4000-0x403f] claimed by PIIX4 ACPI
[    0.412012] pci 0000:00:07.0: quirk: [io  0x4100-0x410f] claimed by PIIX4 SMB
[    0.432472] ACPI: PCI Interrupt Link [LNKA] (IRQs 5 9 10 *11)
[    0.444481] ACPI: PCI Interrupt Link [LNKB] (IRQs 5 9 *10 11)
[    0.448212] ACPI: PCI Interrupt Link [LNKC] (IRQs 5 *9 10 11)
[    0.452216] ACPI: PCI Interrupt Link [LNKD] (IRQs 5 9 10 *11)
[    0.456927] SCSI subsystem initialized
[    0.488239] pci 0000:00:02.0: vgaarb: setting as boot VGA device
[    0.490209] pci 0000:00:02.0: vgaarb: VGA device added: decodes=io+mem,owns=io+mem,locks=none
[    0.496023] pci 0000:00:02.0: vgaarb: bridge control possible
[    0.500013] vgaarb: loaded
[    0.501182] ACPI: bus type USB registered
[    0.504086] usbcore: registered new interface driver usbfs
[    0.506140] usbcore: registered new interface driver hub
[    0.508092] usbcore: registered new device driver usb
[    0.512858] EDAC MC: Ver: 3.0.0
[    0.516766] PCI: Using ACPI for IRQ routing
[    0.520623] NetLabel: Initializing
[    0.521916] NetLabel:  domain hash size = 128
[    0.523453] NetLabel:  protocols = UNLABELED CIPSOv4 CALIPSO
[    0.524000] NetLabel:  unlabeled traffic allowed by default
[    0.528024] clocksource: Switched to clocksource kvm-clock
[   0.557808] VFS: Disk quotas dquot_6.6.0
[    0.561688] VFS: Dquot-cache hash table entries: 512 (order 0, 4096 bytes)
[    0.561688] AppArmor: AppArmor Filesystem Enabled
[    0.561688] pnp: PnP ACPI init
[    0.561688] pnp: PnP ACPI: found 3 devices

[   0.875 clksrc ac_p: as 0xffffff max_cycles: 0xffffff, max_idle_ns: 2085701024 ns
[    1.100893] NET: Registered protocol family 2
[    1.104388] TCP established hash table entries: 8192 (order: 4, 65536 bytes)
[    1.107595] TCP bind hash table entries: 8192 (order: 5, 131072 bytes)
[    1.108191] TCP: Hash tables configured (established 8192 bind 8192)
[    1.108191] UDP hash table entries: 512 (order: 2, 16384 bytes)
[    1.108191] UDP-Lite hash table entries: 512 (order: 2, 16384 bytes)
[    1.108191] NET: Registered protocol family 1
[    1.108191] pci 0000:00:00.0: Limiting direct PCI/PCI transfers
[    1.108191] pci 0000:00:01.0: Activating ISA DMA hang workarounds
[    1.108191] pci 0000:00:02.0: Video device with shadowed ROM at [mem 0x000c0000-0x000dffff]
[    1.108191] Unpacking initramfs...
[   .345652] Freeing initrd memory: 19512K
[    1.498730] clocksource: tsc: mask: 0xffffffffffffffff max_cycles: 0x2b2986a21ef, max_idle_ns: 440795289726 ns
[    1.502484] platform rtc_cmos: registered platform RTC device (no PNP device found)
[    1.502484] Scanning for low memory corruption every 60 seconds
[    1.510685] Initialise system trusted keyrings
[    1.512306] Key type blacklist registered
[    1.514216] workingset: timestamp_bits=36 max_order=18 bucket_order=0
[  1.517991] zud:oaded
[    1670348] sashfs: rsion 4.0 (2009/01/31) Phillip Lougher
[    1.822833] fuse init (API version 7.26)
[    1.830525] Key type asymmetric registered
[    1.841298] Asymmetric key parser 'x509' registered
[    1.843564] Block layer SCSI generic (bsg) driver version 0.4 loaded (major 246)
[    1.848167] io scheduler noop registered
[    1.851611] io scheduler deadline registered
[    1.853946] io scheduler cfq registered (default)
[    1.857128] ACPI: AC Adapter [AC] (on-line)
[    1.859157] input: Power Button as /devices/LNXSYSTM:00/LNXPWRBN:00/input/input0
[    1.862529] ACPI: Power Button [PWRF]
[    1.864391] input: Sleep Button as /devices/LNXSYSTM:00/LNXSLPBN:00/input/input1
[    1.867755] ACPI: Sleep Button [SLPF]
[    1.870184] Serial: 8250/16550 driver, 32 ports, IRQ sharing enabled
[    1.871351] ACPI: Battery Slot [BAT0] (battery present)
[    1.915316] 00:02: ttyS0 at I/O 0x3f8 (irq = 4, base_baud = 115200) is a 16550A
[    1.931237] Linux agpgart interface v0.103
[    1.948502] loop: module loaded
[    1.962025] scsi host0: ata_piix
[    1.968649] scsi host1: ata_piix
[    1.970498] ata1: PATA max UDMA/33 cmd 0x1f0 ctl 0x3f6 bmdma 0xd000 irq 14
[    1.973699] ata2: PATA max UDMA/33 cmd 0x170 ctl 0x376 bmdma 0xd008 irq 15
[    1.977807] libphy: Fixed MDIO Bus: probed
[    1.979827] tun: Universal TUN/TAP device driver, 1.6
[    1.982568] PPP generic driver version 2.4.2
[    1.985257] ehci_hcd: USB 2.0 'Enhanced' Host Controller (EHCI) Driver
[    1.988211] ehci-pci: EHCI PCI platform driver
[    1.990369] ehci-platform: EHCI generic platform driver
[    1.993192] ohci_hcd: USB 1.1 'Open' Host Controller (OHCI) Driver
[    1.995881] ohci-pci: OHCI PCI platform driver
[    1.998073] ohci-platform: OHCI generic platform driver
[    2.000589] uhci_hcd: USB Universal Host Controller Interface driver
[    2.003457] i8042: PNP: PS/2 Controller [PNP0303:PS2K,PNP0f03:PS2M] at 0x60,0x64 irq 1,12
[    2.007882] serio: i8042 KBD port at 0x60,0x64 irq 1
[    2.010345] serio: i8042 AUX port at 0x60,0x64 irq 12
[    2.013613] mousedev: PS/2 mouse device common for all mice
[    2.016765] input: AT Translated Set 2 keyboard as /devices/platform/i8042/serio0/input/input2
[    2.020653] rtc_cmos rtc_cmos: rtc core: registered rtc_cmos as rtc0
[    2.030288] rtc_cmos rtc_cmos: alarms up to one day, 114 bytes nvram
[    2.033046] i2c /dev entries driver
[    2.034347] pcie_mp2_amd: AMD(R) PCI-E MP2 Communication Driver Version: 1.0
[    2.037059] device-mapper: uevent: version 1.0.3
[    2.039268] device-mapper: ioctl: 4.37.0-ioctl (2017-09-20) initialised: dm-devel@redhat.com
[    2.042537] ledtrig-cpu: registered to indicate activity on CPUs
[    2.045943] NET: Registered protocol family 10
[    2.064109] Segment Routing with IPv6
[    2.079334] NET: Registered protocol family 17
[    2.081919] Key type dns_resolver registered
[    2.084775] RAS: Correctable Errors collector initialized.
[    2.086774] sched_clock: Marking stable (2084147328, 0)->(4000919068, -1916771740)
[    2.090938] registered taskstats version 1
[    2.092603] Loading compiled-in X.509 certificates
[    2.098381] Loaded X.509 cert 'Build time autogenerated kernel key: e3b8f44ffaaceef3e3a84cfaebd8e5a9acebeaad'
[    2.142264] zswap: loaded using pool lzo/zbud
[    2.165417] Key type big_key registered
[    2.174334] Key type trusted registered
[    2.179008] Key type encrypted registered
[    2.181754] AppArmor: AppArmor sha1 policy hashing enabled
[    2.186036] ima: No TPM chip found, activating TPM-bypass! (rc=-19)
[    2.188671] ima: Allocated hash algorithm: sha1
[    2.190421] evm: HMAC attrs: 0x1
[    2.191945]   Magic number: 7:609:784
[    2.194064] rtc_cmos rtc_cmos: setting system clock to 2019-02-15 12:46:43 UTC (1550234803)
[    2.198153] BIOS EDD facility v0.16 2004-Jun-25, 0 devices found
[    2.200240] EDD information not available.
[    2.205434] Freeing unused kernel memory: 2408K
[    2.232276] Write protecting the kernel read-only data: 20480k
[    2.241060] Freeing unused kernel memory: 2008K
[    2.248679] Freeing unused kernel memory: 1892K
[    2.268063] x86/mm: Checked W+X mappings: passed, no W+X pages found.
Loading, please wait...
starting version 237
[    2.398457] Fusion MPT base driver 3.04.20
[    2.400655] Copyright (c) 1999-2008 LSI Corporation
[    2.422983] e1000: Intel(R) PRO/1000 Network Driver - version 7.3.21-k8-NAPI
[    2.442051] e1000: Copyright (c) 1999-2006 Intel Corporation.
[    2.533215] Fusion MPT SPI Host driver 3.04.20
[    2.549437] AVX2 version of gcm_enc/dec engaged.
[    2.551050] AES CTR mode by8 optimization enabled
[    2.709896] input: ImExPS/2 Generic Explorer Mouse as /devices/platform/i8042/serio1/input/input4
[    2.894520] e1000 0000:00:03.0 eth0: (PCI:33MHz:32-bit) 02:28:d9:ae:eb:85
[    2.898323] e1000 0000:00:03.0 eth0: Intel(R) PRO/1000 Network Connection
[    2.903680] mptbase: ioc0: Initiating bringup
[    2.908959] e1000 0000:00:03.0 enp0s3: renamed from eth0
[    3.037149] ioc0: LSI53C1030 A0: Capabilities={Initiator}
[    3.911144] scsi host2: ioc0: LSI53C1030 A0, FwRev=00000000h, Ports=1, MaxQ=256, IRQ=20
[    4.145074] scsi 2:0:0:0: Direct-Access     VBOX     HARDDISK         1.0  PQ: 0 ANSI: 5
[    4.197431] scsi target2:0:0: Beginning Domain Validation
[    4.205798] scsi target2:0:0: Domain Validation skipping write tests
[    4.208321] scsi target2:0:0: Ending Domain Validation
[    4.210307] scsi target2:0:0: asynchronous
[    4.212546] scsi 2:0:1:0: Direct-Access     VBOX     HARDDISK         1.0  PQ: 0 ANSI: 5
[    4.244124] scsi target2:0:1: Beginning Domain Validation
[    4.264326] random: fast init done
[    4.531974] scsi target2:0:1: Domain Validation skipping write tests
[    4.534626] scsi target2:0:1: Ending Domain Validation
[    4.536985] scsi target2:0:1: asynchronous
[    4.543521] random: systemd-udevd: uninitialized urandom read (16 bytes read)
[    4.543932] sd 2:0:0:0: [sda] 20971520 512-byte logical blocks: (10.7 GB/10.0 GiB)
[    4.543982] sd 2:0:0:0: [sda] Write Protect is off
[    4.544086] sd 2:0:0:0: [sda] Incomplete mode parameter data
[    4.544087] sd 2:0:0:0: [sda] Assuming drive cache: write through
[    4.544312] sd 2:0:0:0: Attached scsi generic sg0 type 0
[    4.545128]  sda: sda1
[    4.546099] sd 2:0:1:0: [sdb] 20480 512-byte logical blocks: (10.5 MB/10.0 MiB)
[    4.546191] sd 2:0:1:0: [sdb] Write Protect is off
[    4.546364] sd 2:0:1:0: [sdb] Incomplete mode parameter data
[    4.546365] sd 2:0:1:0: [sdb] Assuming drive cache: write through
[    4.546804] sd 2:0:0:0: [sda] Attached SCSI disk
[    4.547381] sd 2:0:1:0: Attached scsi generic sg1 type 0
[    4.582754] sd 2:0:1:0: [sdb] Attached SCSI disk
[    4.634125] random: systemd-udevd: uninitialized urandom read (16 bytes read)
[    4.636996] random: systemd-udevd: uninitialized urandom read (16 bytes read)
Begin: Loading essential drivers ... [    6.464064] raid6: sse2x1   gen()  6067 MB/s
[    6.536049] raid6: sse2x1   xor()  4302 MB/s
[    6.588176] raid6: sse2x2   gen()  8533 MB/s
[    6.636153] raid6: sse2x2   xor()  6091 MB/s
[    6.692069] raid6: sse2x4   gen()  7869 MB/s
[    6.744563] raid6: sse2x4   xor()  4133 MB/s
[    6.792136] raid6: avx2x1   gen()  8733 MB/s
[    6.848123] raid6: avx2x1   xor()  6694 MB/s
[    6.912108] raid6: avx2x2   gen()  8628 MB/s
[    6.968122] raid6: avx2x2   xor()  6698 MB/s
[    7.044201] raid6: avx2x4   gen()  2193 MB/s
[    7.092167] raid6: avx2x4   xor()  4137 MB/s
[    7.133964] raid6: using algorithm avx2x1 gen() 8733 MB/s
[    7.137494] raid6: .... xor() 6694 MB/s, rmw enabled
[    7.141264] raid6: using avx2x2 recovery algorithm
[    7.144647] xor: automatically using best checksumming function   avx       
[    7.165956] async_tx: api initialized (async)
done.
Begin: Running /scripts/init-premount ... done.
Begin: Mounting root file system ... Begin: Running /scripts/local-top ... done.
Begin: Running /scripts/local-premount ... [    7.272665] Btrfs loaded, crc32c=crc32c-intel
Scanning for Btrfs filesystems
done.
Warning: fsck not present, so skipping root file system
[    7.377959] EXT4-fs (sda1): INFO: recovery required on readonly filesystem
[    7.393023] EXT4-fs (sda1): write access will be enabled during recovery
[    7.760967] EXT4-fs (sda1): orphan cleanup on readonly fs
[    7.765281] EXT4-fs (sda1): 5 orphan inodes deleted
[    7.767941] EXT4-fs (sda1): recovery complete
[    7.892290] EXT4-fs (sda1): mounted filesystem with ordered data mode. Opts: (null)
done.
Begin: Running /scripts/local-bottom ... done.
Begin: Running /scripts/init-bottom ... done.
[    9.805829] ip_tables: (C) 2000-2006 Netfilter Core Team
[    9.890087] systemd[1]: systemd 237 running in system mode. (+PAM +AUDIT +SELINUX +IMA +APPARMOR +SMACK +SYSVINIT +UTMP +LIBCRYPTSETUP +GCRYPT +GNUTLS +ACL +XZ +LZ4 +SECCOMP +BLKID +ELFUTILS +KMOD -IDN2 +IDN -PCRE2 default-hierarchy=hybrid)
[    9.934223] systemd[1]: Detected virtualization oracle.
[    9.936325] systemd[1]: Detected architecture x86-64.
[    9.984547] random: crng init done
[    9.988997] random: 7 urandom warning(s) missed due to ratelimiting

Welcome to [1mUbuntu 18.04.1 LTS[0m!

[   10.009865] systemd[1]: Set hostname to <ubuntu-bionic>.
[   12.393828] systemd[1]: Reached target User and Group Name Lookups.
[[0;32m  OK  [0m] Reached target User and Group Name Lookups.
[   12.547298] systemd[1]: Created slice System Slice.
[[0;32m  OK  [0m] Created slice System Slice.
[   12.554508] systemd[1]: Listening on Journal Socket.
[[0;32m  OK  [0m] Listening on Journal Socket.
[   12.563308] systemd[1]: Mounting POSIX Message Queue File System...
         Mounting POSIX Message Queue File System...
[   12.568639] systemd[1]: Listening on udev Kernel Socket.
[[0;32m  OK  [0m] Listening on udev Kernel Socket.
[   12.578460] systemd[1]: Listening on udev Control Socket.
[[0;32m  OK  [0m] Listening on udev Control Socket.
[[0;32m  OK  [0m] Listening on Syslog Socket.
[[0;32m  OK  [0m] Created slice system-serial\x2dgetty.slice.
[[0;32m  OK  [0m] Listening on Journal Socket (/dev/log).
[[0;32m  OK  [0m] Reached target System Time Synchronized.
         Starting Create list of required stâ€¦ce nodes for the current kernel...
[[0;32m  OK  [0m] Created slice User and Session Slice.
         Starting Uncomplicated firewall...
         Mounting Huge Pages File System...
[[0;32m  OK  [0m] Listening on LVM2 poll daemon socket.
[[0;32m  OK  [0m] Started Forward Password Requests to Wall Directory Watch.
         Starting Load Kernel Modules...
[[0;32m  OK  [0m] Listening on /dev/initctl Compatibility Named Pipe.
         Starting Set the console keyboard layout...
         Mounting Kernel Debug File System...
[[0;32m  OK  [0m] Set up automount Arbitrary Executabâ€¦rmats File System Automount Point.
[[0;32m  OK  [0m] Listening on Network Service Netlink Socket.
[[0;32m  OK  [0m] Reached target Swap.
         Starting Remount Root and Kernel File Systems...
[[0;32m  OK  [0m] Listening on LVM2 metadata daemon socket.
[   12.982372] Loading iSCSI transport class v2.0-870.
[[0;32m  OK  [0m] Listening on Device-mapper event daemon FIFOs.
         Starting Monitoring of LVM2 mirrorsâ€¦ng dmeventd or progress polling...
[[0;32m  OK  [0m] Listening on Journal Audit Socket.
         Starting Journal Service...
         Starting udev Coldplug all Devices...
[[0;32m  OK  [0m] Reached target Slices.
[   13.185059] iscsi: registered transport (tcp)
[[0;32m  OK  [0m] Started Create list of required staâ€¦vice nodes for the current kernel.
[[0;32m  OK  [0m] Started Uncomplicated firewall.
         Starting Create Static Device Nodes in /dev...
[[0;32m  OK  [0m] Started udev Coldplug all Devices.
[[0;32m  OK  [0m] Started Journal Service.
[[0;32m  OK  [0m] Started Create Static Device Nodes in /dev.
[   13.788941] iscsi: registered transport (iser)
[[0;32m  OK  [0m] Started Load Kernel Modules.
         Starting Apply Kernel Variables...
         Mounting FUSE Control File System...
         Mounting Kernel Configuration File System...
[[0;32m  OK  [0m] Mounted POSIX Message Queue File System.
[[0;32m  OK  [0m] Mounted Huge Pages File System.
[[0;32m  OK  [0m] Mounted Kernel Debug File System.
[[0;32m  OK  [0m] Mounted FUSE Control File System.
[[0;32m  OK  [0m] Mounted Kernel Configuration File System.
[[0;32m  OK  [0[   13.992000] EXT4-fs (sda1): re-mounted. Opts: (null)
m] Started LVM2 metadata daemon.
[[0;32m  OK  [0m] Started Remount Root and Kernel File Systems.
         Starting Load/Save Random Seed...
         Starting Initial cloud-init job (pre-networking)...
         Starting Flush Journal to Persistent Storage...
         Starting udev Kernel Device Manager...
[[0;32m  OK  [0m] Started Monitoring of LVM2 mirrors,â€¦sing dmeventd or progress polling.
[[0;32m  OK  [0m] Started Apply Kernel Variables.
[[0;32m  OK  [0m] Started Load/Save Random Seed.
[[0;32m  OK  [0m] Started Set the console keyboard layout.
[[0;32m  OK  [0m] Reached target Local File Systems (Pre).
[[0;32m  OK  [0m] Reached target Local File Systems.
         Starting ebtables ruleset management...
         Starting Set console font and keymap...
         Starting Tell Plymouth To Write Out Runtime Data...
         Starting AppArmor initialization...
[[0;32m  OK  [0m] Started udev Kernel Device Manager.
[[0;32m  OK  [0m] Started Dispatch Password Requests to Console Directory Watch.
[[0;32m  OK  [0m] Reached target Local Encrypted Volumes.
[[0;32m  OK  [0m] Started Tell Plymouth To Write Out Runtime Data.
[[0;32m  OK  [0m] Started Set console font and keymap.
[[0;32m  OK  [0m] Found device /dev/ttyS0.
[[0;32m  OK  [0m] Started ebtables ruleset management.
[[0;32m  OK  [0m] Listening on Load/Save RF Kill Switch Status /dev/rfkill Watch.
[[0;32m  OK  [0m] Started Flush Journal to Persistent Storage.
         Starting Create Volatile Files and Directories...
[[0;32m  OK  [0m] Started Create Volatile Files and Directories.
         Starting Update UTMP about System Boot/Shutdown...
[[0;32m  OK  [0m] Started Update UTMP about System Boot/Shutdown.
[[0;32m  OK  [0m] Started AppArmor initialization.
[   21.237976] cloud-init[428]: Cloud-init v. 18.4-0ubuntu1~18.04.1 running 'init-local' at Fri, 15 Feb 2019 12:47:01 +0000. Up 20.56 seconds.
[[0;32m  OK  [0m] Started Initial cloud-init job (pre-networking).
[[0;32m  OK  [0m] Reached target Network (Pre).
         Starting Network Service...
[[0;32m  OK  [0m] Started Network Service.
         Starting Wait for Network to be Configured...
         Starting Network Name Resolution...
[[0;32m  OK  [0m] Started Network Name Resolution.
[[0;32m  OK  [0m] Reached target Network.
[[0;32m  OK  [0m] Reached target Host and Network Name Lookups.
[[0;32m  OK  [0m] Started Wait for Network to be Configured.
         Starting Initial cloud-init job (metadata service crawler)...
[   24.333627] cloud-init[652]: Cloud-init v. 18.4-0ubuntu1~18.04.1 running 'init' at Fri, 15 Feb 2019 12:47:05 +0000. Up 23.99 seconds.
[   24.357301] cloud-init[652]: ci-info: ++++++++++++++++++++++++++++++++++++++Net device info++++++++++++++++++++++++++++++++++++++
[   24.369553] cloud-init[652]: ci-info: +--------+------+----------------------------+---------------+--------+-------------------+
[   24.377813] cloud-init[652]: ci-info: | Device |  Up  |          Address           |      Mask     | Scope  |     Hw-Address    |
[   24.506634] cloud-init[652]: ci-info: +--------+------+----------------------------+---------------+--------+-------------------+
[   24.612607] cloud-init[652]: ci-info: | enp0s3 | True |         10.0.2.15          | 255.255.255.0 | global | 02:28:d9:ae:eb:85 |
[   24.622717] cloud-init[652]: ci-info: | enp0s3 | True | fe80::28:d9ff:feae:eb85/64 |       .       |  link  | 02:28:d9:ae:eb:85 |
[   24.629639] cloud-init[652]: ci-info: |   lo   | True |         127.0.0.1          |   255.0.0.0   |  host  |         .         |
[   24.637017] cloud-init[652]: ci-info: |   lo   | True |          ::1/128           |       .       |  host  |         .         |
[   24.665808] cloud-init[652]: ci-info: +--------+------+----------------------------+---------------+--------+-------------------+
[   24.684230] cloud-init[652]: ci-info: ++++++++++++++++++++++++++++Route IPv4 info+++++++++++++++++++++++++++++
[   24.693957] cloud-init[652]: ci-info: +-------+-------------+----------+-----------------+-----------+-------+
[   24.708999] cloud-init[652]: ci-info: | Route | Destination | Gateway  |     Genmask     | Interface | Flags |
[   24.723204] cloud-init[652]: ci-info: +-------+-------------+----------+-----------------+-----------+-------+
[   24.733502] cloud-init[652]: ci-info: |   0   |   0.0.0.0   | 10.0.2.2 |     0.0.0.0     |   enp0s3  |   UG  |
[   24.759033] cloud-init[652]: ci-info: |   1   |   10.0.2.0  | 0.0.0.0  |  255.255.255.0  |   enp0s3  |   U   |
[   24.772386] cloud-init[652]: ci-info: |   2   |   10.0.2.2  | 0.0.0.0  | 255.255.255.255 |   enp0s3  |   UH  |
[   24.790612] cloud-init[652]: ci-info: +-------+-------------+----------+-----------------+-----------+-------+
[   24.806531] cloud-init[652]: ci-info: +++++++++++++++++++Route IPv6 info+++++++++++++++++++
[   24.821619] cloud-init[652]: ci-info: +-------+-------------+---------+-----------+-------+
[   24.833641] cloud-init[652]: ci-info: | Route | Destination | Gateway | Interface | Flags |
[   24.850314] cloud-init[652]: ci-info: +-------+-------------+---------+-----------+-------+
[   24.866284] cloud-init[652]: ci-info: |   1   |  fe80::/64  |    ::   |   enp0s3  |   U   |
[   24.878811] cloud-init[652]: ci-info: |   3   |    local    |    ::   |   enp0s3  |   U   |
[   24.889284] cloud-init[652]: ci-info: |   4   |   ff00::/8  |    ::   |   enp0s3  |   U   |
[   24.901661] cloud-init[652]: ci-info: +-------+-------------+---------+-----------+-------+
[[0;32m  OK  [0m] Started Initial cloud-init job (metadata service crawler).
[[0;32m  OK  [0m] Reached target Network is Online.
[[0;32m  OK  [0m] Reached target Remote File Systems (Pre).
[[0;32m  OK  [0m] Reached target Remote File Systems.
         Starting Availability of block devices...
[[0;32m  OK  [0m] Reached target Cloud-config availability.
[[0;32m  OK  [0m] Reached target System Initialization.
[[0;32m  OK  [0m] Listening on ACPID Listen Socket.
         Starting LXD - unix socket.
[[0;32m  OK  [0m] Started Clean PHP session files every 30 mins.
[[0;32m  OK  [0m] Listening on UUID daemon activation socket.
[[0;32m  OK  [0m] Started ACPI Events Check.
[[0;32m  OK  [0m] Started Daily apt download activities.
[[0;32m  OK  [0m] Started Daily apt upgrade and clean activities.
[[0;32m  OK  [0m] Listening on D-Bus System Message Bus Socket.
[[0;32m  OK  [0m] Started Message of the Day.
[[0;32m  OK  [0m] Started Discard unused blocks once a week.
[[0;32m  OK  [0m] Reached target Paths.
[[0;32m  OK  [0m] Listening on Open-iSCSI iscsid Socket.
         Starting Socket activation for snappy daemon.
[[0;32m  OK  [0m] Started Daily Cleanup of Temporary Directories.
[[0;32m  OK  [0m] Reached target Timers.
[[0;32m  OK  [0m] Started Availability of block devices.
[[0;32m  OK  [0m] Listening on LXD - unix socket.
[[0;32m  OK  [0m] Listening on Socket activation for snappy daemon.
[[0;32m  OK  [0m] Reached target Sockets.
[[0;32m  OK  [0m] Reached target Basic System.
[[0;32m  OK  [0m] Started FUSE filesystem for LXC.
[[0;32m  OK  [0m] Started Regular background program processing daemon.
         Starting Virtualbox guest utils...
         Starting LSB: Record successful boot for GRUB...
         Starting Permit User Sessions...
         Starting Clean php session files...
         Starting Snappy daemon...
[[0;32m  OK  [0m] Started irqbalance daemon.
         Starting OpenBSD Secure Shell server...
[[0;32m  OK  [0m] Started Deferred execution scheduler.
         Starting LXD - container startup/shutdown...
[[0;32m  OK  [0m] Started D-Bus System Message Bus.
         Starting Dispatcher daemon for systemd-networkd...
         Starting MariaDB 10.3.12 database server...
         Starting LSB: automatic crash report generation...
         Starting The Apache HTTP Server...
         Starting Accounts Service...
         Starting System Logging Service...
         Starting Login Service...
[[0;32m  OK  [0m] Started Permit User Sessions.
         Starting Terminate Plymouth Boot Screen...
         Starting Hold until boot process finishes up...
[[0;32m  OK  [0m] Started OpenBSD Secure Shell server.
[[0;32m  OK  [0m] Started Terminate Plymouth Boot Screen.
[[0;32m  OK  [0m] Started Hold until boot process finishes up.
         Starting Set console scheme...
[[0;32m  OK  [0m] Started Serial Getty on ttyS0.
[[0;32m  OK  [0m] Started Login Service.
[[0;32m  OK  [0m] Started Unattended Upgrades Shutdown.
[[0;32m  OK  [0m] Started System Logging Service.
[[0;32m  OK  [0m] Started Set console scheme.
[[0;32m  OK  [0m] Created slice system-getty.slice.
[[0;32m  OK  [0m] Started Getty on tty1.
[[0;32m  OK  [0m] Reached target Login Prompts.
[[0;32m  OK  [0m] Started LSB: Record successful boot for GRUB.
[[0;32m  OK  [0m] Started LSB: automatic crash report generation.
[[0;32m  OK  [0m] Started Virtualbox guest utils.
         Starting Authorization Manager...
[[0;32m  OK  [0m] Created slice User Slice of vagrant.
         Starting User Manager for UID 1000...
[[0;32m  OK  [0m] Started Dispatcher daemon for systemd-networkd.
[[0;32m  OK  [0m] Started Session 1 of user vagrant.
[[0;32m  OK  [0m] Started Authorization Manager.
[[0;32m  OK  [0m] Started Accounts Service.
[[0;32m  OK  [0m] Started Snappy daemon.
         Starting Wait until snapd is fully seeded...
[[0;32m  OK  [0m] Started LXD - container startup/shutdown.
[[0;32m  OK  [0m] Started Wait until snapd is fully seeded.
         Starting Apply the settings specified in cloud-config...

Ubuntu 18.04.1 LTS ubuntu-bionic ttyS0

ubuntu-bionic login: [   38.186622] cloud-init[1301]: Cloud-init v. 18.4-0ubuntu1~18.04.1 running 'modules:config' at Fri, 15 Feb 2019 12:47:15 +0000. Up 34.56 seconds.
[   47.998680] cloud-init[1706]: Cloud-init v. 18.4-0ubuntu1~18.04.1 running 'modules:final' at Fri, 15 Feb 2019 12:47:28 +0000. Up 47.67 seconds.
[   48.033923] cloud-init[1706]: Cloud-init v. 18.4-0ubuntu1~18.04.1 finished at Fri, 15 Feb 2019 12:47:29 +0000. Datasource DataSourceNoCloud [seed=/dev/sdb][dsmode=net].  Up 47.97 seconds
